// Jest Snapshot v1, https://goo.gl/fbAQLP

exports[`Validate Components should handle ratepay 1`] = `
Object {
  "dateOfBirth": "example_dob",
  "foo": "bar",
  "shopperName": Object {
    "gender": "example_gender",
  },
}
`;
