// Jest Snapshot v1, https://goo.gl/fbAQLP

exports[`Payment from Component should return json response 1`] = `
Array [
  Array [
    Object {
      "resultCode": "Authorised",
    },
  ],
]
`;
